Welcome to Termux!

Docs:       https://termux.dev/docs
Donate:     https://termux.dev/donate
Community:  https://termux.dev/community

Working with packages:

 - Search:  pkg search <query>
 - Install: pkg install <package>
 - Upgrade: pkg upgrade

Subscribing to additional repositories:

 - Root:    pkg install root-repo
 - X11:     pkg install x11-repo

For fixing any repository issues,
try 'termux-change-repo' command.

Report issues at https://termux.dev/issues
~/sources/pinfo $ cpp
cpp@                 cppcheck
cpp-13               cppcheck-htmlreport
~/sources/pinfo $ cppc
cppcheck             cppcheck-htmlreport
~/sources/pinfo $ cppcheck src
Checking src/colors.c ...
Checking src/colors.c: ENABLE_NLS...
Checking src/colors.c: HAVE_CONFIG_H...
Checking src/colors.c: HAVE_CURSES_COLOR...
Checking src/colors.c: HAVE_CURSES_COLOR;HAVE_DECL_USE_DEFAULT_COLORS...
Checking src/colors.c: HAVE_CURSES_H...
Checking src/colors.c: HAVE_NCURSESW_H...
Checking src/colors.c: HAVE_NCURSES_CURSES_H...
Checking src/colors.c: SIG_BLOCK...
Checking src/colors.c: UNUSED...
Checking src/colors.c: __GNUC__...
Checking src/colors.c: __LCLINT__...
1/17 files checked 1% done
Checking src/datatypes.c ...
Checking src/datatypes.c: ENABLE_NLS...
Checking src/datatypes.c: HAVE_CONFIG_H...
Checking src/datatypes.c: HAVE_CURSES_H...
Checking src/datatypes.c: HAVE_NCURSESW_H...
Checking src/datatypes.c: HAVE_NCURSES_CURSES_H...
Checking src/datatypes.c: SIG_BLOCK...
Checking src/datatypes.c: UNUSED...
Checking src/datatypes.c: __GNUC__...
Checking src/datatypes.c: __LCLINT__...
Checking src/datatypes.c: ___DONT_USE_REGEXP_SEARCH___...
2/17 files checked 3% done
Checking src/filehandling_functions.c ...
src/filehandling_functions.c:0:0: information: Limiting analysis of branches. Use --check-level=exhaustive to analyze all branches. [normalCheckLevelMaxBranches]

^
src/filehandling_functions.c:734:19: warning: If resource allocation fails, then there is a possible null pointer dereference: id [nullPointerOutOfResources]
  fputc(INFO_TAG, id);
                  ^
src/filehandling_functions.c:715:13: note: Assuming allocation function fails
  id = fopen(tmpfilename, "w");
            ^
src/filehandling_functions.c:715:13: note: Assignment 'id=fopen(tmpfilename,"w")', assigned value is 0
  id = fopen(tmpfilename, "w");
            ^
src/filehandling_functions.c:734:19: note: Null pointer dereference
  fputc(INFO_TAG, id);
                  ^
src/filehandling_functions.c:735:15: warning: If resource allocation fails, then there is a possible null pointer dereference: id [nullPointerOutOfResources]
  fputc('\n', id);
              ^
src/filehandling_functions.c:715:13: note: Assuming allocation function fails
  id = fopen(tmpfilename, "w");
            ^
src/filehandling_functions.c:715:13: note: Assignment 'id=fopen(tmpfilename,"w")', assigned value is 0
  id = fopen(tmpfilename, "w");
            ^
src/filehandling_functions.c:735:15: note: Null pointer dereference
  fputc('\n', id);
              ^
src/filehandling_functions.c:737:10: warning: If resource allocation fails, th
en there is a possible null pointer dereference: id [nullPointerOutOfResources]
  fclose(id);
         ^
src/filehandling_functions.c:715:13: note: Assuming allocation function fails
  id = fopen(tmpfilename, "w");
            ^
src/filehandling_functions.c:715:13: note: Assignment 'id=fopen(tmpfilename,"w")', assigned value is 0
  id = fopen(tmpfilename, "w");
            ^
src/filehandling_functions.c:737:10: note: Null pointer dereference
  fclose(id);
         ^
src/filehandling_functions.c:831:38: warning: If memory allocation fails, then there is a possible null pointer dereference: filenameprefix [nullPointerOutOfMemory]
     int prefixi, prefixlen = strlen(filenameprefix);
                                     ^
src/filehandling_functions.c:829:28: note: Assuming allocation function fails
    filenameprefix = strdup(buf);
                           ^
src/filehandling_functions.c:829:28: note: Assignment 'filenameprefix=strdup(buf)', assigned value is 0
    filenameprefix = strdup(buf);
                           ^
src/filehandling_functions.c:831:38: note: Null pointer dereference
     int prefixi, prefixlen = strlen(filenameprefix);
                                     ^
src/filehandling_functions.c:833:11: warning: If memory allocation fails, then there is a possible null pointer dereference: filenameprefix [nullPointerOutOfMemory]
      if (filenameprefix[prefixi] == '/')
          ^
src/filehandling_functions.c:829:28: note: Assuming allocation function fails
    filenameprefix = strdup(buf);
                           ^
src/filehandling_functions.c:829:28: note: Assignment 'filenameprefix=strdup(buf)', assigned value is 0
    filenameprefix = strdup(buf);
                           ^
src/filehandling_functions.c:833:11: note: Null pointer dereference
      if (filenameprefix[prefixi] == '/')
          ^
src/filehandling_functions.c:985:13: warning: If memory allocation fails, then there is a possible null pointer dereference: lang [nullPointerOutOfMemory]
  for (i=0; lang[i]!='\0'; i++)
            ^
src/filehandling_functions.c:983:16: note: Assuming allocation function fails
  lang = strdup(rawlang);
               ^
src/filehandling_functions.c:983:16: note: Assignment 'lang=strdup(rawlang)', assigned value is 0
  lang = strdup(rawlang);
               ^
src/filehandling_functions.c:985:13: note: Null pointer dereference
  for (i=0; lang[i]!='\0'; i++)
            ^
src/filehandling_functions.c:988:8: warning: If memory allocation fails, then there is a possible null pointer dereference: lang [nullPointerOutOfMemory]
   if (lang[i]=='.')
       ^
src/filehandling_functions.c:983:16: note: Assuming allocation function fails
  lang = strdup(rawlang);
               ^
src/filehandling_functions.c:983:16: note: Assignment 'lang=strdup(rawlang)', assigned value is 0
  lang = strdup(rawlang);
               ^
src/filehandling_functions.c:988:8: note: Null pointer dereference
   if (lang[i]=='.')
       ^
src/filehandling_functions.c:993:8: warning: If memory allocation fails, then there is a possible null pointer dereference: lang [nullPointerOutOfMemory]
   if (lang[i]=='_' && langshort==NULL)
       ^
src/filehandling_functions.c:983:16: note: Assuming allocation function fails
  lang = strdup(rawlang);
               ^
src/filehandling_functions.c:983:16: note: Assignment 'lang=strdup(rawlang)', assigned value is 0
  lang = strdup(rawlang);
               ^
src/filehandling_functions.c:993:8: note: Null pointer dereference
   if (lang[i]=='_' && langshort==NULL)
       ^
src/filehandling_functions.c:996:5: warning: If memory allocation fails, then there is a possible null pointer dereference: langshort [nullPointerOutOfMemory]
    langshort[i] = '\0';
    ^
src/filehandling_functions.c:995:23: note: Assuming allocation function fails
    langshort = strdup(lang);
                      ^
src/filehandling_functions.c:995:23: note: Assignment 'langshort=strdup(lang)', assigned value is 0
    langshort = strdup(lang);
                      ^
src/filehandling_functions.c:996:5: note: Null pointer dereference
    langshort[i] = '\0';
    ^
Checking src/filehandling_functions.c: ENABLE_NLS...
Checking src/filehandling_functions.c: HAVE_CONFIG_H...
Checking src/filehandling_functions.c: HAVE_CURSES_H...
Checking src/filehandling_functions.c: HAVE_NCURSESW_H...
Checking src/filehandling_functions.c: HAVE_NCURSES_CURSES_H...
Checking src/filehandling_functions.c: SIG_BLOCK...
Checking src/filehandling_functions.c: UNUSED...
Checking src/filehandling_functions.c: __GNUC__...
Checking src/filehandling_functions.c: __LCLINT__...
Checking src/filehandling_functions.c: ___DEBUG___...
Checking src/filehandling_functions.c: ___DONT_USE_REGEXP_SEARCH___...
3/17 files checked 15% done
Checking src/initializelinks.c ...
src/initializelinks.c:0:0: information: Limiting analysis of branches. Use --check-level=exhaustive to analyze all branches. [normalCheckLevelMaxBranches]

^
Checking src/initializelinks.c: ENABLE_NLS...
Checking src/initializelinks.c: HAVE_CONFIG_H...
Checking src/initializelinks.c: HAVE_CURSES_H...
Checking src/initializelinks.c: HAVE_NCURSESW_H...
Checking src/initializelinks.c: HAVE_NCURSES_CURSES_H...
Checking src/initializelinks.c: SIG_BLOCK...
Checking src/initializelinks.c: UNUSED...
Checking src/initializelinks.c: __GNUC__...
Checking src/initializelinks.c: __LCLINT__...
Checking src/initializelinks.c: ___DONT_USE_REGEXP_SEARCH___...
4/17 files checked 26% done
Checking src/mainfunction.c ...
src/mainfunction.c:0:0: information: Limiting analysis of branches. Use --check-level=exhaustive to analyze all branches. [normalCheckLevelMaxBranches]

^
Checking src/mainfunction.c: CURSES_MOUSE...
Checking src/mainfunction.c: ENABLE_NLS...
Checking src/mainfunction.c: HAVE_CONFIG_H...
Checking src/mainfunction.c: HAVE_CURSES_H...
Checking src/mainfunction.c: HAVE_NCURSESW_H...
Checking src/mainfunction.c: HAVE_NCURSES_CURSES_H...
Checking src/mainfunction.c: SIG_BLOCK...
Checking src/mainfunction.c: UNUSED...
Checking src/mainfunction.c: __GNUC__...
Checking src/mainfunction.c: __LCLINT__...
Checking src/mainfunction.c: ___DONT_USE_REGEXP_SEARCH___...
5/17 files checked 40% done
Checking src/manual.c ...
src/manual.c:0:0: information: Limiting analysis of branches. Use --check-level=exhaustive to analyze all branches. [normalCheckLevelMaxBranches]

^
src/manual.c:161:30: warning: If memory allocation fails, then there is a possible null pointer dereference: name1 [nullPointerOutOfMemory]
 while ((len > 1) &&(isspace(name1[len - 1])))
                             ^
src/manual.c:156:22: note: Assuming allocation function fails
 char *name1 = strdup(name);
                     ^
src/manual.c:156:22: note: Assignment 'name1=strdup(name)', assigned value is 0
 char *name1 = strdup(name);
                     ^
src/manual.c:161:30: note: Null pointer dereference
 while ((len > 1) &&(isspace(name1[len - 1])))
                             ^
src/manual.c:163:3: warning: If memory allocation fails, then there is a possible null pointer dereference: name1 [nullPointerOutOfMemory]
  name1[len - 1] = 0;
  ^
src/manual.c:156:22: note: Assuming allocation function fails
 char *name1 = strdup(name);
                     ^
src/manual.c:156:22: note: Assignment 'name1=strdup(name)', assigned value is 
0
 char *name1 = strdup(name);
                     ^
src/manual.c:163:3: note: Null pointer dereference
  name1[len - 1] = 0;
  ^
src/manual.c:168:39: warning: If memory allocation fails, then there is a poss
ible null pointer dereference: name1 [nullPointerOutOfMemory]
 for (i = len - 1;(i > 0) &&(!isspace(name1[i])); i--);
                                      ^
src/manual.c:156:22: note: Assuming allocation function fails
 char *name1 = strdup(name);
                     ^
src/manual.c:156:22: note: Assignment 'name1=strdup(name)', assigned value is 
0
 char *name1 = strdup(name);
                     ^
src/manual.c:168:39: note: Null pointer dereference
 for (i = len - 1;(i > 0) &&(!isspace(name1[i])); i--);
                                      ^
src/manual.c:520:9: warning: If resource allocation fails, then there is a pos
sible null pointer dereference: id [nullPointerOutOfResources]
 fclose(id);
        ^
src/manual.c:507:14: note: Assuming allocation function fails
   id = fopen(apropos_tempfilename, "r");
             ^
src/manual.c:507:14: note: Assignment 'id=fopen(apropos_tempfilename,"r")', as
signed value is 0
   id = fopen(apropos_tempfilename, "r");
             ^
src/manual.c:520:9: note: Null pointer dereference
 fclose(id);
        ^
src/manual.c:568:13: warning: If resource allocation fails, then there is a po
ssible null pointer dereference: id [nullPointerOutOfResources]
     fclose(id);
            ^
src/manual.c:566:16: note: Assuming allocation function fails
     id = fopen(apropos_tempfilename, "r");
               ^
src/manual.c:566:16: note: Assignment 'id=fopen(apropos_tempfilename,"r")', as
signed value is 0
     id = fopen(apropos_tempfilename, "r");
               ^
src/manual.c:568:13: note: Null pointer dereference
     fclose(id);
            ^
src/manual.c:658:15: warning: If resource allocation fails, then there is a po
ssible null pointer dereference: id [nullPointerOutOfResources]
 while (!feof(id))
              ^
src/manual.c:507:14: note: Assuming allocation function fails
   id = fopen(apropos_tempfilename, "r");
             ^
src/manual.c:507:14: note: Assignment 'id=fopen(apropos_tempfilename,"r")', as
signed value is 0
   id = fopen(apropos_tempfilename, "r");
             ^
src/manual.c:519:13: note: Calling function 'loadmanual', 1st argument 'id' va
lue is 0
 loadmanual(id);
            ^
src/manual.c:658:15: note: Null pointer dereference
 while (!feof(id))
              ^
src/manual.c:666:40: warning: If resource allocation fails, then there is a po
ssible null pointer dereference: id [nullPointerOutOfResources]
  if (fgets(manual[ManualLines], 1024, id) == NULL)
                                       ^
src/manual.c:566:16: note: Assuming allocation function fails
     id = fopen(apropos_tempfilename, "r");
               ^
src/manual.c:566:16: note: Assignment 'id=fopen(apropos_tempfilename,"r")', as
signed value is 0
     id = fopen(apropos_tempfilename, "r");
               ^
src/manual.c:567:17: note: Calling function 'loadmanual', 1st argument 'id' va
lue is 0
     loadmanual(id);
                ^
src/manual.c:666:40: note: Null pointer dereference
  if (fgets(manual[ManualLines], 1024, id) == NULL)
                                       ^
src/manual.c:1807:25: warning: If memory allocation fails, then there is a pos
sible null pointer dereference: tmpstr [nullPointerOutOfMemory]
     ltlinelen = strlen(tmpstr);
                        ^
src/manual.c:1801:27: note: Assuming allocation function fails
     char *tmpstr = strdup(manual[ltline]);
                          ^
src/manual.c:1801:27: note: Assignment 'tmpstr=strdup(manual[ltline])', assign
ed value is 0
     char *tmpstr = strdup(manual[ltline]);
                          ^
src/manual.c:1807:25: note: Null pointer dereference
     ltlinelen = strlen(tmpstr);
                        ^
src/manual.c:1863:21: warning: If memory allocation fails, then there is a pos
sible null pointer dereference: tmpstr [nullPointerOutOfMemory]
     while (isspace(tmpstr[k]))
                    ^
src/manual.c:1858:27: note: Assuming allocation function fails
     char *tmpstr = strdup(manual[ltline]);
                          ^
src/manual.c:1858:27: note: Assignment 'tmpstr=strdup(manual[ltline])', assign
ed value is 0
     char *tmpstr = strdup(manual[ltline]);
                          ^
src/manual.c:1863:21: note: Null pointer dereference
     while (isspace(tmpstr[k]))
                    ^
src/manual.c:1894:14: warning: If memory allocation fails, then there is a pos
sible null pointer dereference: buf [nullPointerOutOfMemory]
 for (i = 0; buf[i] != 0; i++)
             ^
src/manual.c:1801:27: note: Assuming allocation function fails
     char *tmpstr = strdup(manual[ltline]);
                          ^
src/manual.c:1801:27: note: Assignment 'tmpstr=strdup(manual[ltline])', assign
ed value is 0
     char *tmpstr = strdup(manual[ltline]);
                          ^
src/manual.c:1805:19: note: Calling function 'strip_manual', 1st argument 'tmp
str' value is 0
     strip_manual(tmpstr);
                  ^
src/manual.c:1894:14: note: Null pointer dereference
 for (i = 0; buf[i] != 0; i++)
             ^
src/manual.c:1897:8: warning: If memory allocation fails, then there is a poss
ible null pointer dereference: buf [nullPointerOutOfMemory]
  if ((buf[i] == '_') &&(buf[i + 1] == 8))
       ^
src/manual.c:1801:27: note: Assuming allocation function fails
     char *tmpstr = strdup(manual[ltline]);
                          ^
src/manual.c:1801:27: note: Assignment 'tmpstr=strdup(manual[ltline])', assign
ed value is 0
     char *tmpstr = strdup(manual[ltline]);
                          ^
src/manual.c:1805:19: note: Calling function 'strip_manual', 1st argument 'tmp
str' value is 0
     strip_manual(tmpstr);
                  ^
src/manual.c:1897:8: note: Null pointer dereference
  if ((buf[i] == '_') &&(buf[i + 1] == 8))
       ^
src/manual.c:1911:2: warning: If memory allocation fails, then there is a poss
ible null pointer dereference: buf [nullPointerOutOfMemory]
 buf[tmpcnt] = 0;
 ^
src/manual.c:1801:27: note: Assuming allocation function fails
     char *tmpstr = strdup(manual[ltline]);
                          ^
src/manual.c:1801:27: note: Assignment 'tmpstr=strdup(manual[ltline])', assign
ed value is 0
     char *tmpstr = strdup(manual[ltline]);
                          ^
src/manual.c:1805:19: note: Calling function 'strip_manual', 1st argument 'tmp
str' value is 0
     strip_manual(tmpstr);
                  ^
src/manual.c:1911:2: note: Null pointer dereference
 buf[tmpcnt] = 0;
 ^
src/manual.c:1809:27: error: If memory allocation fail: pointer addition with 
NULL pointer. [nullPointerArithmeticOutOfMemory]
     newlinemark = tmpstr + ltlinelen - 1;
                          ^
src/manual.c:1801:27: note: Assuming allocation function fails
     char *tmpstr = strdup(manual[ltline]);
                          ^
src/manual.c:1801:27: note: Assignment 'tmpstr=strdup(manual[ltline])', assign
ed value is 0
     char *tmpstr = strdup(manual[ltline]);
                          ^
src/manual.c:1809:27: note: Null pointer addition
     newlinemark = tmpstr + ltlinelen - 1;
                          ^
src/manual.c:1866:32: error: If memory allocation fail: pointer addition with 
NULL pointer. [nullPointerArithmeticOutOfMemory]
     wskend = findurlend(tmpstr+k);
                               ^
src/manual.c:1858:27: note: Assuming allocation function fails
     char *tmpstr = strdup(manual[ltline]);
                          ^
src/manual.c:1858:27: note: Assignment 'tmpstr=strdup(manual[ltline])', assign
ed value is 0
     char *tmpstr = strdup(manual[ltline]);
                          ^
src/manual.c:1866:32: note: Null pointer addition
     wskend = findurlend(tmpstr+k);
                               ^
Checking src/manual.c: CURSES_MOUSE...
Checking src/manual.c: ENABLE_NLS...
Checking src/manual.c: HAVE_CONFIG_H...
Checking src/manual.c: HAVE_CURSES_H...
Checking src/manual.c: HAVE_DECL_BKGDSET...
Checking src/manual.c: HAVE_NCURSESW_H...
Checking src/manual.c: HAVE_NCURSES_CURSES_H...
Checking src/manual.c: HAVE_STRCASECMP...
Checking src/manual.c: NIETS...
src/manual.c:421:17: warning: If resource allocation fails, then there is a po
ssible null pointer dereference: source [nullPointerOutOfResources]
   while (!feof(source))
                ^
src/manual.c:415:19: note: Assuming allocation function fails
    source = fopen(location, "r");
                  ^
src/manual.c:415:19: note: Assignment 'source=fopen(location,"r")', assigned v
alue is 0
    source = fopen(location, "r");
                  ^
src/manual.c:421:17: note: Null pointer dereference
   while (!feof(source))
                ^
Checking src/manual.c: SIG_BLOCK...
Checking src/manual.c: UNUSED...
6/17 files checked 59% done
Checking src/menu_and_note_utils.c ...
Checking src/menu_and_note_utils.c: ENABLE_NLS...
Checking src/menu_and_note_utils.c: HAVE_CONFIG_H...
Checking src/menu_and_note_utils.c: HAVE_CURSES_H...
Checking src/menu_and_note_utils.c: HAVE_NCURSESW_H...
Checking src/menu_and_note_utils.c: HAVE_NCURSES_CURSES_H...
Checking src/menu_and_note_utils.c: SIG_BLOCK...
Checking src/menu_and_note_utils.c: UNUSED...
Checking src/menu_and_note_utils.c: __GNUC__...
Checking src/menu_and_note_utils.c: __LCLINT__...
Checking src/menu_and_note_utils.c: ___DONT_USE_REGEXP_SEARCH___...
Checking src/menu_and_note_utils.c: ___USE_STATIC___...
7/17 files checked 60% done
Checking src/parse_config.c ...
src/parse_config.c:0:0: information: Limiting analysis of branches. Use --chec
k-level=exhaustive to analyze all branches. [normalCheckLevelMaxBranches]

^
src/parse_config.c:710:5: error: Common realloc mistake: 'h_regexp' nulled but
 not freed upon failure [memleakOnRealloc]
    h_regexp = realloc(h_regexp, sizeof(regex_t) *(h_regexp_num + 1));
    ^
Checking src/parse_config.c: ENABLE_NLS...
Checking src/parse_config.c: HAVE_CONFIG_H...
Checking src/parse_config.c: HAVE_CURSES_COLOR...
Checking src/parse_config.c: HAVE_CURSES_COLOR;HAVE_DECL_USE_DEFAULT_COLORS...
Checking src/parse_config.c: HAVE_CURSES_H...
Checking src/parse_config.c: HAVE_DECL_USE_DEFAULT_COLORS...
Checking src/parse_config.c: HAVE_NCURSESW_H...
Checking src/parse_config.c: HAVE_NCURSES_CURSES_H...
Checking src/parse_config.c: KEY_END...
Checking src/parse_config.c: SIG_BLOCK...
Checking src/parse_config.c: UNUSED...
8/17 files checked 69% done
Checking src/pinfo.c ...
src/pinfo.c:0:0: information: Limiting analysis of branches. Use --check-level
=exhaustive to analyze all branches. [normalCheckLevelMaxBranches]

^
src/pinfo.c:145:13: warning: If memory allocation fails, then there is a possi
ble null pointer dereference: pinfo_start_node [nullPointerOutOfMemory]
     strcpy(pinfo_start_node, optarg);
            ^
src/pinfo.c:144:31: note: Assuming allocation function fails
     pinfo_start_node = malloc(strlen(optarg) + 1);
                              ^
src/pinfo.c:144:31: note: Assignment 'pinfo_start_node=malloc(strlen(optarg)+1
)', assigned value is 0
     pinfo_start_node = malloc(strlen(optarg) + 1);
                              ^
src/pinfo.c:145:13: note: Null pointer dereference
     strcpy(pinfo_start_node, optarg);
            ^
Checking src/pinfo.c: ENABLE_NLS...
Checking src/pinfo.c: HAVE_CONFIG_H...
Checking src/pinfo.c: HAVE_CURSES_H...
Checking src/pinfo.c: HAVE_GETOPT_LONG...
Checking src/pinfo.c: HAVE_NCURSESW_H...
Checking src/pinfo.c: HAVE_NCURSES_CURSES_H...
Checking src/pinfo.c: SIG_BLOCK...
Checking src/pinfo.c: UNUSED...
Checking src/pinfo.c: __GNUC__...
Checking src/pinfo.c: __LCLINT__...
Checking src/pinfo.c: ___DONT_USE_REGEXP_SEARCH___...
9/17 files checked 76% done
Checking src/printinfo.c ...
src/printinfo.c:0:0: information: Limiting analysis of branches. Use --check-l
evel=exhaustive to analyze all branches. [normalCheckLevelMaxBranches]

^
Checking src/printinfo.c: ENABLE_NLS...
Checking src/printinfo.c: HAVE_CONFIG_H...
Checking src/printinfo.c: HAVE_CURSES_H...
Checking src/printinfo.c: HAVE_NCURSESW_H...
Checking src/printinfo.c: HAVE_NCURSES_CURSES_H...
Checking src/printinfo.c: SIG_BLOCK...
Checking src/printinfo.c: UNUSED...
Checking src/printinfo.c: __GNUC__...
Checking src/printinfo.c: __LCLINT__...
Checking src/printinfo.c: ___DONT_USE_REGEXP_SEARCH___...
10/17 files checked 78% done
Checking src/readlinewrapper.c ...
Checking src/readlinewrapper.c: ENABLE_NLS...
Checking src/readlinewrapper.c: HAVE_CONFIG_H...
Checking src/readlinewrapper.c: HAVE_CURSES_H...
Checking src/readlinewrapper.c: HAVE_NCURSESW_H...
Checking src/readlinewrapper.c: HAVE_NCURSES_CURSES_H...
Checking src/readlinewrapper.c: SIG_BLOCK...
Checking src/readlinewrapper.c: UNUSED...
Checking src/readlinewrapper.c: __GNUC__...
Checking src/readlinewrapper.c: __LCLINT__...
Checking src/readlinewrapper.c: ___DONT_USE_REGEXP_SEARCH___...
11/17 files checked 80% done
Checking src/regexp_search.c ...
src/regexp_search.c:0:0: information: Limiting analysis of branches. Use --che
ck-level=exhaustive to analyze all branches. [normalCheckLevelMaxBranches]

^
src/regexp_search.c:66:5: error: Common realloc mistake: 'h_regexp' nulled but
 not freed upon failure [memleakOnRealloc]
    h_regexp = realloc(h_regexp, sizeof(regex_t) *(h_regexp_num + 1));
    ^
Checking src/regexp_search.c: ENABLE_NLS...
Checking src/regexp_search.c: HAVE_CONFIG_H...
Checking src/regexp_search.c: HAVE_CURSES_H...
Checking src/regexp_search.c: HAVE_NCURSESW_H...
Checking src/regexp_search.c: HAVE_NCURSES_CURSES_H...
Checking src/regexp_search.c: SIG_BLOCK...
Checking src/regexp_search.c: UNUSED...
Checking src/regexp_search.c: __GNUC__...
Checking src/regexp_search.c: __LCLINT__...
Checking src/regexp_search.c: ___DONT_USE_REGEXP_SEARCH___...
12/17 files checked 81% done
Checking src/sigblock.c ...
src/sigblock.c:47:16: error: Shifting signed 32-bit value by 31 bits is undefi
ned behaviour [shiftTooManyBitsSigned]
   if ((mask & sigmask(sig)) && sigaddset(&set, sig) < 0)
               ^
Checking src/sigblock.c: HAVE_CONFIG_H...
Checking src/sigblock.c: SIG_BLOCK...
13/17 files checked 82% done
Checking src/signal_handler.c ...
Checking src/signal_handler.c: ENABLE_NLS...
Checking src/signal_handler.c: HAVE_CONFIG_H...
Checking src/signal_handler.c: HAVE_CURSES_H...
Checking src/signal_handler.c: HAVE_NCURSESW_H...
Checking src/signal_handler.c: HAVE_NCURSES_CURSES_H...
Checking src/signal_handler.c: SIGWINCH...
Checking src/signal_handler.c: SIG_BLOCK...
Checking src/signal_handler.c: UNUSED...
src/signal_handler.c:37:26: error: syntax error [syntaxError]
handle_window_resize(int UNUSED(signum))
                         ^
Checking src/signal_handler.c: __GNUC__...
Checking src/signal_handler.c: __LCLINT__...
Checking src/signal_handler.c: ___DONT_USE_REGEXP_SEARCH___...
14/17 files checked 83% done
Checking src/snprintf.c ...
src/snprintf.c:0:0: information: Limiting analysis of branches. Use --check-le
vel=exhaustive to analyze all branches. [normalCheckLevelMaxBranches]

^
Checking src/snprintf.c: DEBUG_SNPRINTF;HAVE_SNPRINTF;HAVE_VSNPRINTF...
Checking src/snprintf.c: HAVE_CONFIG_H...
Checking src/snprintf.c: HAVE_SNPRINTF;HAVE_VSNPRINTF...
Checking src/snprintf.c: HAVE_SNPRINTF;HAVE_VSNPRINTF;HAVE_STDARG_H...
Checking src/snprintf.c: TEST_SNPRINTF...
15/17 files checked 89% done
Checking src/utils.c ...
src/utils.c:0:0: information: Limiting analysis of branches. Use --check-level
=exhaustive to analyze all branches. [normalCheckLevelMaxBranches]

^
src/utils.c:551:4: error: Common realloc mistake: 'h_regexp' nulled but not freed upon failure [memleakOnRealloc]
   h_regexp = realloc(h_regexp, sizeof(regex_t) *(h_regexp_num + 1));
   ^
Checking src/utils.c: CURSES_MOUSE...
Checking src/utils.c: ENABLE_NLS...
Checking src/utils.c: HAS_READLINE...
Checking src/utils.c: HAVE_CONFIG_H...
Checking src/utils.c: HAVE_CURSES_H...
Checking src/utils.c: HAVE_NCURSESW_H...
Checking src/utils.c: HAVE_NCURSES_CURSES_H...
Checking src/utils.c: HAVE_WCSWIDTH;USE_WCHAR...
Checking src/utils.c: SIG_BLOCK...
Checking src/utils.c: UNUSED...
Checking src/utils.c: USE_WCHAR...
16/17 files checked 96% done
Checking src/video.c ...
src/video.c:0:0: information: Limiting analysis of branches. Use --check-level
=exhaustive to analyze all branches. [normalCheckLevelMaxBranches]

^
Checking src/video.c: ENABLE_NLS...
Checking src/video.c: HAVE_BKGDSET...
Checking src/video.c: HAVE_CONFIG_H...
Checking src/video.c: HAVE_CURSES_H...
Checking src/video.c: HAVE_NCURSESW_H...
Checking src/video.c: HAVE_NCURSES_CURSES_H...
Checking src/video.c: SIG_BLOCK...
Checking src/video.c: UNUSED...
src/video.c:129:13: error: syntax error [syntaxError]
  int xmax, UNUSED(ymax);
            ^
Checking src/video.c: __DEBUG__...
Checking src/video.c: __GNUC__...
Checking src/video.c: __LCLINT__...
17/17 files checked 100% done
nofile:0:0: information: Too many #ifdef configurations - cppcheck only checks 12 configurations. Use --force to check all configurations. For more details,
 use --enable=information. [toomanyconfigs]

~/sources/pinfo $
